00:00 +0: loading C:/src/ChessIQ/chessiq/test/features/academy/puzzle_map_screen_test.dart
flutter : lib/features/academy/screens/puzzle_map_screen.dart:3104:35: Error: 
Can't find '}' to match '{'.
At line:1 char:103
+ ... yContinue ; flutter test test/features/academy/puzzle_map_screen_test ...
+                 ~~~~~~~~~~~~~~~~~~~~~~~~~~~~~~~~~~~~~~~~~~~~~~~~~~~~~~~~~
    + CategoryInfo          : NotSpecified: (lib/features/ac...' to match '{'. 
   :String) [], RemoteException
    + FullyQualifiedErrorId : NativeCommandError
 
        builder: (context, child) {
                                  ^
lib/features/academy/screens/puzzle_map_screen.dart:3311:10: Error: Expected a 
class member, but got ','.
        },
         ^
lib/features/academy/screens/puzzle_map_screen.dart:3312:7: Error: Expected a 
class member, but got ')'.
      ),
      ^
lib/features/academy/screens/puzzle_map_screen.dart:3312:8: Error: Expected a 
class member, but got ','.
      ),
       ^
lib/features/academy/screens/puzzle_map_screen.dart:3313:5: Error: Expected a 
class member, but got ')'.
    );
    ^
lib/features/academy/screens/puzzle_map_screen.dart:3313:6: Error: Expected a 
class member, but got ';'.
    );
     ^
lib/features/academy/screens/puzzle_map_screen.dart:4785:1: Error: Expected a 
declaration, but got '}'.
}
^
lib/features/academy/screens/puzzle_map_screen.dart:3122:38: Error: Too many 
positional arguments: 0 allowed, but 1 found.
Try removing the extra positional arguments.
                  child: DecoratedBox(
                                     ^
../../flutter/flutter/packages/flutter/lib/src/widgets/container.dart:67:9: 
Context: Found this candidate, but the arguments don't match.
  const DecoratedBox({
        ^^^^^^^^^^^^
lib/features/academy/screens/puzzle_map_screen.dart:3147:29: Error: No named 
parameter with the name 'blurRadius'.
                            blurRadius: lerpDouble(34, 58, t) ?? 58,
                            ^^^^^^^^^^
../../flutter/flutter/packages/flutter/lib/src/widgets/basic.dart:5058:9: 
Context: Found this candidate, but the arguments don't match.
  const Positioned.fill({
        ^^^^^^^^^^^^^^^
lib/features/academy/screens/puzzle_map_screen.dart:3151:25: Error: Expected 
an identifier, but got ']'.
Try inserting an identifier before ']'.
                        ],
                        ^
lib/features/academy/screens/puzzle_map_screen.dart:3151:25: Error: Expected 
')' before this.
                        ],
                        ^
lib/features/academy/screens/puzzle_map_screen.dart:3120:29: Error: Too many 
positional arguments: 0 allowed, but 2 found.
Try removing the extra positional arguments.
                    ? Column(
                            ^
../../flutter/flutter/packages/flutter/lib/src/widgets/basic.dart:6008:9: 
Context: Found this candidate, but the arguments don't match.
  const Column({
        ^^^^^^
lib/features/academy/screens/puzzle_map_screen.dart:3152:24: Error: Expected 
':' before this.
                      ),
                       ^
lib/features/academy/screens/puzzle_map_screen.dart:3152:24: Error: Expected 
an identifier, but got ','.
Try inserting an identifier before ','.
                      ),
                       ^
lib/features/academy/screens/puzzle_map_screen.dart:3305:21: Error: Expected 
';' after this.
                    ),
                    ^
lib/features/academy/screens/puzzle_map_screen.dart:3305:22: Error: Expected 
an identifier, but got ','.
Try inserting an identifier before ','.
                    ),
                     ^
lib/features/academy/screens/puzzle_map_screen.dart:3305:22: Error: Unexpected 
token ';'.
                    ),
                     ^
lib/features/academy/screens/puzzle_map_screen.dart:3307:17: Error: Expected 
';' after this.
                ),
                ^
lib/features/academy/screens/puzzle_map_screen.dart:3307:18: Error: Expected 
an identifier, but got ','.
Try inserting an identifier before ','.
                ),
                 ^
lib/features/academy/screens/puzzle_map_screen.dart:3307:18: Error: Unexpected 
token ';'.
                ),
                 ^
lib/features/academy/screens/puzzle_map_screen.dart:3308:15: Error: Expected 
an identifier, but got ']'.
Try inserting an identifier before ']'.
              ],
              ^
lib/features/academy/screens/puzzle_map_screen.dart:3307:18: Error: Expected 
';' after this.
                ),
                 ^
lib/features/academy/screens/puzzle_map_screen.dart:3308:15: Error: Unexpected 
token ';'.
              ],
              ^
lib/features/academy/screens/puzzle_map_screen.dart:3308:16: Error: Expected 
an identifier, but got ','.
Try inserting an identifier before ','.
              ],
               ^
lib/features/academy/screens/puzzle_map_screen.dart:3308:15: Error: Expected 
';' after this.
              ],
              ^
lib/features/academy/screens/puzzle_map_screen.dart:3308:16: Error: Unexpected 
token ';'.
              ],
               ^
lib/features/academy/screens/puzzle_map_screen.dart:3309:13: Error: Expected 
an identifier, but got ')'.
Try inserting an identifier before ')'.
            ),
            ^
lib/features/academy/screens/puzzle_map_screen.dart:3308:16: Error: Expected 
';' after this.
              ],
               ^
lib/features/academy/screens/puzzle_map_screen.dart:3309:13: Error: Unexpected 
token ';'.
            ),
            ^
lib/features/academy/screens/puzzle_map_screen.dart:3309:14: Error: Expected 
an identifier, but got ','.
Try inserting an identifier before ','.
            ),
             ^
lib/features/academy/screens/puzzle_map_screen.dart:3309:13: Error: Expected 
';' after this.
            ),
            ^
lib/features/academy/screens/puzzle_map_screen.dart:3309:14: Error: Unexpected 
token ';'.
            ),
             ^
lib/features/academy/screens/puzzle_map_screen.dart:3310:11: Error: Expected 
an identifier, but got ')'.
Try inserting an identifier before ')'.
          );
          ^
lib/features/academy/screens/puzzle_map_screen.dart:3309:14: Error: Expected 
';' after this.
            ),
             ^
lib/features/academy/screens/puzzle_map_screen.dart:3310:11: Error: Unexpected 
token ';'.
          );
          ^
lib/features/academy/screens/puzzle_map_screen.dart:3119:26: Error: The getter 
'compactCard' isn't defined for the type '_PuzzleMapScreenState'.
 - '_PuzzleMapScreenState' is from 
'package:chessiq/features/academy/screens/puzzle_map_screen.dart' 
('lib/features/academy/screens/puzzle_map_screen.dart').
Try correcting the name to the name of an existing getter, or defining a 
getter or field named 'compactCard'.
                  child: compactCard
                         ^^^^^^^^^^^
lib/features/academy/screens/puzzle_map_screen.dart:3153:23: Error: Duplicated 
named argument 'child'.
                      child: ClipRRect(
                      ^^^^^
lib/features/academy/screens/puzzle_map_screen.dart:3362:29: Error: Undefined 
name 'context'.
    final isDark = Theme.of(context).brightness == Brightness.dark;
                            ^^^^^^^
lib/features/academy/screens/puzzle_map_screen.dart:3434:30: Error: Undefined 
name '_academyBlueDotTime'.
            valueListenable: _academyBlueDotTime,
                             ^^^^^^^^^^^^^^^^^^^
lib/features/academy/screens/puzzle_map_screen.dart:3439:21: Error: Undefined 
name '_academyBlueDotPhase'.
                    _academyBlueDotPhase,
                    ^^^^^^^^^^^^^^^^^^^^
lib/features/academy/screens/puzzle_map_screen.dart:3441:21: Error: Undefined 
name '_academyBlueDotRadius'.
                    _academyBlueDotRadius,
                    ^^^^^^^^^^^^^^^^^^^^^
lib/features/academy/screens/puzzle_map_screen.dart:3443:21: Error: Undefined 
name '_academyBlueDotTrajectoryNoise'.
                    _academyBlueDotTrajectoryNoise,
                    ^^^^^^^^^^^^^^^^^^^^^^^^^^^^^^
lib/features/academy/screens/puzzle_map_screen.dart:3444:21: Error: Undefined 
name '_academyBlueDotShapeSeed'.
                    _academyBlueDotShapeSeed,
                    ^^^^^^^^^^^^^^^^^^^^^^^^
lib/features/academy/screens/puzzle_map_screen.dart:3522:7: Error: Undefined 
name '_academyBlueDotPhase'.
      _academyBlueDotPhase,
      ^^^^^^^^^^^^^^^^^^^^
lib/features/academy/screens/puzzle_map_screen.dart:3524:7: Error: Undefined 
name '_academyBlueDotRadius'.
      _academyBlueDotRadius,
      ^^^^^^^^^^^^^^^^^^^^^
lib/features/academy/screens/puzzle_map_screen.dart:3526:7: Error: Undefined 
name '_academyBlueDotTrajectoryNoise'.
      _academyBlueDotTrajectoryNoise,
      ^^^^^^^^^^^^^^^^^^^^^^^^^^^^^^
lib/features/academy/screens/puzzle_map_screen.dart:3527:7: Error: Undefined 
name '_academyBlueDotShapeSeed'.
      _academyBlueDotShapeSeed,
      ^^^^^^^^^^^^^^^^^^^^^^^^
lib/features/academy/screens/puzzle_map_screen.dart:3530:7: Error: Undefined 
name '_academyYellowDotPhase'.
      _academyYellowDotPhase,
      ^^^^^^^^^^^^^^^^^^^^^^
lib/features/academy/screens/puzzle_map_screen.dart:3532:7: Error: Undefined 
name '_academyYellowDotRadius'.
      _academyYellowDotRadius,
      ^^^^^^^^^^^^^^^^^^^^^^^
lib/features/academy/screens/puzzle_map_screen.dart:3534:7: Error: Undefined 
name '_academyYellowDotTrajectoryNoise'.
      _academyYellowDotTrajectoryNoise,
      ^^^^^^^^^^^^^^^^^^^^^^^^^^^^^^^^
lib/features/academy/screens/puzzle_map_screen.dart:3535:7: Error: Undefined 
name '_academyYellowDotShapeSeed'.
      _academyYellowDotShapeSeed,
      ^^^^^^^^^^^^^^^^^^^^^^^^^^
lib/features/academy/screens/puzzle_map_screen.dart:3544:28: Error: Undefined 
name '_academyBlueDotPhase'.
        cos(pulse * 0.86 + _academyBlueDotPhase),
                           ^^^^^^^^^^^^^^^^^^^^
lib/features/academy/screens/puzzle_map_screen.dart:3545:28: Error: Undefined 
name '_academyYellowDotPhase'.
        sin(pulse * 0.92 + _academyYellowDotPhase),
                           ^^^^^^^^^^^^^^^^^^^^^^
lib/features/academy/screens/puzzle_map_screen.dart:3553:29: Error: Undefined 
name '_academyBlueDotPhase'.
          sin(pulse * 1.4 + _academyBlueDotPhase - _academyYellowDotPhase) >= 0
                            ^^^^^^^^^^^^^^^^^^^^
lib/features/academy/screens/puzzle_map_screen.dart:3553:52: Error: Undefined 
name '_academyYellowDotPhase'.
          sin(pulse * 1.4 + _academyBlueDotPhase - _academyYellowDotPhase) >= 0
                                                   ^^^^^^^^^^^^^^^^^^^^^^
lib/features/academy/screens/puzzle_map_screen.dart:3653:30: Error: Undefined 
name '_academyBlueDotTime'.
            valueListenable: _academyBlueDotTime,
                             ^^^^^^^^^^^^^^^^^^^
lib/features/academy/screens/puzzle_map_screen.dart:3656:17: Error: Undefined 
name '_academyBlueDotPhase'.
                _academyBlueDotPhase,
                ^^^^^^^^^^^^^^^^^^^^
lib/features/academy/screens/puzzle_map_screen.dart:3660:17: Error: Undefined 
name '_academyBlueDotTrajectoryNoise'.
                _academyBlueDotTrajectoryNoise,
                ^^^^^^^^^^^^^^^^^^^^^^^^^^^^^^
lib/features/academy/screens/puzzle_map_screen.dart:3661:17: Error: Undefined 
name '_academyBlueDotShapeSeed'.
                _academyBlueDotShapeSeed,
                ^^^^^^^^^^^^^^^^^^^^^^^^
lib/features/academy/screens/puzzle_map_screen.dart:3692:7: Error: Undefined 
name 'context'.
      context,
      ^^^^^^^
lib/features/academy/screens/puzzle_map_screen.dart:3695:26: Error: Method not 
found: '_academyHubFrontierNode'.
    final frontierNode = _academyHubFrontierNode(provider);
                         ^^^^^^^^^^^^^^^^^^^^^^^
lib/features/academy/screens/puzzle_map_screen.dart:3742:28: Error: Undefined 
name '_handleAcademyBack'.
                onPressed: _handleAcademyBack,
                           ^^^^^^^^^^^^^^^^^^
lib/features/academy/screens/puzzle_map_screen.dart:3760:20: Error: Method not 
found: '_academySemesterShortTitle'.
                '${_academySemesterShortTitle(semester)} is your active 
semester. ${examReady ? 'The next board is ready to enter.' : 'The next exam 
gate is still locked.'}',
                   ^^^^^^^^^^^^^^^^^^^^^^^^^^
lib/features/academy/screens/puzzle_map_screen.dart:3771:24: Error: Method not 
found: '_academySemesterShortTitle'.
                label: _academySemesterShortTitle(semester).toUpperCase(),
                       ^^^^^^^^^^^^^^^^^^^^^^^^^^
lib/features/academy/screens/puzzle_map_screen.dart:3835:33: Error: Method not 
found: '_academySemesterShortTitle'.
                      label: '${_academySemesterShortTitle(semester)} 
progress',
                                ^^^^^^^^^^^^^^^^^^^^^^^^^^
lib/features/academy/screens/puzzle_map_screen.dart:3859:32: Error: Method not 
found: '_academySemesterShortTitle'.
                            '${_academySemesterShortTitle(semester)} progress',
                               ^^^^^^^^^^^^^^^^^^^^^^^^^^
lib/features/academy/screens/puzzle_map_screen.dart:3881:7: Error: Undefined 
name 'context'.
      context,
      ^^^^^^^
lib/features/academy/screens/puzzle_map_screen.dart:3917:9: Error: Method not 
found: '_buildAcademyHubProgressBar'.
        _buildAcademyHubProgressBar(
        ^^^^^^^^^^^^^^^^^^^^^^^^^^^
lib/features/academy/screens/puzzle_map_screen.dart:4003:20: Error: Method not 
found: '_buildScoreboardSection'.
            child: _buildScoreboardSection(provider, monochrome),
                   ^^^^^^^^^^^^^^^^^^^^^^^
lib/features/academy/screens/puzzle_map_screen.dart:4013:27: Error: Undefined 
name '_expandedSemesterTitles'.
                expanded: _expandedSemesterTitles.contains(entry.key.title),
                          ^^^^^^^^^^^^^^^^^^^^^^^
lib/features/academy/screens/puzzle_map_screen.dart:4019:25: Error: Undefined 
name '_expandedSemesterTitles'.
                    if (_expandedSemesterTitles.contains(title)) {
                        ^^^^^^^^^^^^^^^^^^^^^^^
lib/features/academy/screens/puzzle_map_screen.dart:4020:23: Error: Undefined 
name '_expandedSemesterTitles'.
                      _expandedSemesterTitles.remove(title);
                      ^^^^^^^^^^^^^^^^^^^^^^^
lib/features/academy/screens/puzzle_map_screen.dart:4022:23: Error: Undefined 
name '_expandedSemesterTitles'.
                      _expandedSemesterTitles.add(title);
                      ^^^^^^^^^^^^^^^^^^^^^^^
lib/features/academy/screens/puzzle_map_screen.dart:4017:19: Error: Method not 
found: 'setState'.
                  setState(() {
                  ^^^^^^^^
lib/features/academy/screens/puzzle_map_screen.dart:4029:15: Error: Undefined 
name '_expandedSemesterTitles'.
          if (_expandedSemesterTitles.contains(entry.key.title))
              ^^^^^^^^^^^^^^^^^^^^^^^
lib/features/academy/screens/puzzle_map_screen.dart:4090:31: Error: Undefined 
name '_expandedSemesterTitles'.
                    expanded: 
_expandedSemesterTitles.contains(entry.key.title),
                              ^^^^^^^^^^^^^^^^^^^^^^^
lib/features/academy/screens/puzzle_map_screen.dart:4096:29: Error: Undefined 
name '_expandedSemesterTitles'.
                        if (_expandedSemesterTitles.contains(title)) {
                            ^^^^^^^^^^^^^^^^^^^^^^^
lib/features/academy/screens/puzzle_map_screen.dart:4097:27: Error: Undefined 
name '_expandedSemesterTitles'.
                          _expandedSemesterTitles.remove(title);
                          ^^^^^^^^^^^^^^^^^^^^^^^
lib/features/academy/screens/puzzle_map_screen.dart:4099:27: Error: Undefined 
name '_expandedSemesterTitles'.
                          _expandedSemesterTitles.add(title);
                          ^^^^^^^^^^^^^^^^^^^^^^^
lib/features/academy/screens/puzzle_map_screen.dart:4094:23: Error: Method not 
found: 'setState'.
                      setState(() {
                      ^^^^^^^^
lib/features/academy/screens/puzzle_map_screen.dart:4106:19: Error: Undefined 
name '_expandedSemesterTitles'.
              if (_expandedSemesterTitles.contains(entry.key.title))
                  ^^^^^^^^^^^^^^^^^^^^^^^
lib/features/academy/screens/puzzle_map_screen.dart:4141:7: Error: Undefined 
name 'context'.
      context,
      ^^^^^^^
lib/features/academy/screens/puzzle_map_screen.dart:4151:20: Error: Undefined 
name '_handleAcademyBack'.
        onPressed: _handleAcademyBack,
                   ^^^^^^^^^^^^^^^^^^
lib/features/academy/screens/puzzle_map_screen.dart:4164:24: Error: Undefined 
name '_openStore'.
            onPressed: _openStore,
                       ^^^^^^^^^^
lib/features/academy/screens/puzzle_map_screen.dart:4179:26: Error: Undefined 
name 'widget'.
                  onTap: widget.onShowCredits,
                         ^^^^^^
lib/features/academy/screens/puzzle_map_screen.dart:4222:7: Error: Undefined 
name 'context'.
      context,
      ^^^^^^^
lib/features/academy/screens/puzzle_map_screen.dart:4233:28: Error: Undefined 
name '_handleAcademyBack'.
                onPressed: _handleAcademyBack,
                           ^^^^^^^^^^^^^^^^^^
lib/features/academy/screens/puzzle_map_screen.dart:4300:11: Error: Method not 
found: '_buildScoreboardSection'.
          _buildScoreboardSection(provider, monochrome),
          ^^^^^^^^^^^^^^^^^^^^^^^
lib/features/academy/screens/puzzle_map_screen.dart:4311:7: Error: Undefined 
name 'context'.
      context,
      ^^^^^^^
lib/features/academy/screens/puzzle_map_screen.dart:4335:33: Error: Method not 
found: '_openAcademyProfileEditor'.
                      unawaited(_openAcademyProfileEditor(provider)),
                                ^^^^^^^^^^^^^^^^^^^^^^^^^
lib/features/academy/screens/puzzle_map_screen.dart:4361:27: Error: Undefined 
name 'context'.
                          context,
                          ^^^^^^^
lib/features/academy/screens/puzzle_map_screen.dart:4398:7: Error: Undefined 
name 'context'.
      context,
      ^^^^^^^
lib/features/academy/screens/puzzle_map_screen.dart:4404:11: Error: Method not 
found: '_academyHubFrontierNode'.
        : _academyHubFrontierNode(provider);
          ^^^^^^^^^^^^^^^^^^^^^^^
lib/features/academy/screens/puzzle_map_screen.dart:4505:31: Error: Method not 
found: '_buildAcademyHubProgressBar'.
                              _buildAcademyHubProgressBar(
                              ^^^^^^^^^^^^^^^^^^^^^^^^^^^
lib/features/academy/screens/puzzle_map_screen.dart:4524:7: Error: Undefined 
name 'context'.
      context,
      ^^^^^^^
lib/features/academy/screens/puzzle_map_screen.dart:4526:11: Error: Undefined 
name 'context'.
          context.read<AppThemeProvider>().isMonochrome ||
          ^^^^^^^
lib/features/academy/screens/puzzle_map_screen.dart:4527:11: Error: Undefined 
name 'widget'.
          widget.cinematicThemeEnabled,
          ^^^^^^
lib/features/academy/screens/puzzle_map_screen.dart:4534:11: Error: Undefined 
name 'context'.
          context.read<AppThemeProvider>().isMonochrome ||
          ^^^^^^^
lib/features/academy/screens/puzzle_map_screen.dart:4535:11: Error: Undefined 
name 'widget'.
          widget.cinematicThemeEnabled,
          ^^^^^^
lib/features/academy/screens/puzzle_map_screen.dart:4620:20: Error: Undefined 
name 'mounted'.
              if (!mounted) return;
                   ^^^^^^^
lib/features/academy/screens/puzzle_map_screen.dart:4621:34: Error: Undefined 
name 'context'.
              await Navigator.of(context).push(
                                 ^^^^^^^
lib/features/academy/screens/puzzle_map_screen.dart:4630:20: Error: Undefined 
name 'mounted'.
              if (!mounted) return;
                   ^^^^^^^
lib/features/academy/screens/puzzle_map_screen.dart:4646:18: Error: Undefined 
name 'context'.
    Navigator.of(context).push(
                 ^^^^^^^
lib/features/academy/screens/puzzle_map_screen.dart:4665:9: Error: Undefined 
name '_expandedSemesterInitialized'.
    if (_expandedSemesterInitialized) return;
        ^^^^^^^^^^^^^^^^^^^^^^^^^^^^
lib/features/academy/screens/puzzle_map_screen.dart:4666:5: Error: Setter not 
found: '_expandedSemesterInitialized'.
    _expandedSemesterInitialized = true;
    ^^^^^^^^^^^^^^^^^^^^^^^^^^^^
lib/features/academy/screens/puzzle_map_screen.dart:4675:9: Error: Undefined 
name '_expandedSemesterTitles'.
        _expandedSemesterTitles.add(provider.semesters.first.title);
        ^^^^^^^^^^^^^^^^^^^^^^^
lib/features/academy/screens/puzzle_map_screen.dart:4687:5: Error: Undefined 
name '_expandedSemesterTitles'.
    _expandedSemesterTitles.add(provider.semesterForNode(firstUnlocked).title);
    ^^^^^^^^^^^^^^^^^^^^^^^
lib/features/academy/screens/puzzle_map_screen.dart:4698:10: Error: Undefined 
name 'mounted'.
    if (!mounted || sequence.isEmpty) return;
         ^^^^^^^
lib/features/academy/screens/puzzle_map_screen.dart:4700:24: Error: Undefined 
name 'context'.
    await Navigator.of(context).push(
                       ^^^^^^^
lib/features/academy/screens/puzzle_map_screen.dart:4718:10: Error: Undefined 
name 'mounted'.
    if (!mounted) return;
         ^^^^^^^
lib/features/academy/screens/puzzle_map_screen.dart:4720:42: Error: Undefined 
name '_muteSoundsKey'.
    final soundEnabled = !(prefs.getBool(_muteSoundsKey) ?? false);
                                         ^^^^^^^^^^^^^^
lib/features/academy/screens/puzzle_map_screen.dart:4721:42: Error: Undefined 
name '_hapticsEnabledKey'.
    final hapticsEnabled = prefs.getBool(_hapticsEnabledKey) ?? true;
                                         ^^^^^^^^^^^^^^^^^^
lib/features/academy/screens/puzzle_map_screen.dart:4723:10: Error: Undefined 
name 'mounted'.
    if (!mounted) return;
         ^^^^^^^
lib/features/academy/screens/puzzle_map_screen.dart:4726:18: Error: Undefined 
name 'context'.
        context: context,
                 ^^^^^^^
lib/features/academy/screens/puzzle_map_screen.dart:4731:31: Error: Undefined 
name '_muteSoundsKey'.
          await prefs.setBool(_muteSoundsKey, !enabled);
                              ^^^^^^^^^^^^^^
lib/features/academy/screens/puzzle_map_screen.dart:4734:31: Error: Undefined 
name '_hapticsEnabledKey'.
          await prefs.setBool(_hapticsEnabledKey, enabled);
                              ^^^^^^^^^^^^^^^^^^
lib/features/academy/screens/puzzle_map_screen.dart:4738:12: Error: Undefined 
name 'mounted'.
      if (!mounted) return;
           ^^^^^^^
lib/features/academy/screens/puzzle_map_screen.dart:4739:13: Error: Method not 
found: '_showStatusDialog'.
      await _showStatusDialog(
            ^^^^^^^^^^^^^^^^^
Unhandled exception:
Crash when compiling:
Null check operator used on a null value

#0      _WidgetCallSiteTransformer._computeLocation 
(package:kernel/transformations/track_widget_constructor_locations.dart:313)
#1      _WidgetCallSiteTransformer._addLocationArgument 
(package:kernel/transformations/track_widget_constructor_locations.dart:256)
#2      _WidgetCallSiteTransformer.visitConstructorInvocation 
(package:kernel/transformations/track_widget_constructor_locations.dart:276)
#3      ConstructorInvocation.accept 
(package:kernel/src/ast/expressions.dart:2695)
#4      Transformer.transform (package:kernel/visitor.dart:2114)
#5      Transformer.transformList (package:kernel/visitor.dart:2131)
#6      SetLiteral.transformChildren 
(package:kernel/src/ast/expressions.dart:4326)
#7      Transformer.defaultTreeNode (package:kernel/visitor.dart:2148)
#8      TreeVisitorDefault.defaultExpression (package:kernel/visitor.dart:915)
#9      ExpressionVisitorDefaultMixin.visitVariableSet 
(package:kernel/visitor.dart:102)
#10     ListLiteral.accept (package:kernel/src/ast/expressions.dart:4249)
#11     Transformer.transform (package:kernel/visitor.dart:2114)
#12     FieldInitializer.transformChildren 
(package:kernel/src/ast/initializers.dart:114)
#13     Transformer.defaultTreeNode (package:kernel/visitor.dart:2148)
#14     TreeVisitorDefault.defaultExpression (package:kernel/visitor.dart:915)
#15     NamedExpression.accept (package:kernel/src/ast/expressions.dart:1498)
#16     Transformer.transform (package:kernel/visitor.dart:2114)
#17     Transformer.transformList (package:kernel/visitor.dart:2131)
#18     Arguments.transformChildren 
(package:kernel/src/ast/expressions.dart:1439)
#19     Transformer.defaultTreeNode (package:kernel/visitor.dart:2148)
#20     TreeVisitorDefault.defaultExpression (package:kernel/visitor.dart:915)
#21     Arguments.accept (package:kernel/src/ast/expressions.dart:1423)
#22     Transformer.transform (package:kernel/visitor.dart:2114)
#23     RedirectingInitializer.transformChildren 
(package:kernel/src/ast/initializers.dart:252)
#24     _WidgetCallSiteTransformer.visitConstructorInvocation 
(package:kernel/transformations/track_widget_constructor_locations.dart:268)
#25     ConstructorInvocation.accept 
(package:kernel/src/ast/expressions.dart:2695)
#26     Transformer.transform (package:kernel/visitor.dart:2114)
#27     FieldInitializer.transformChildren 
(package:kernel/src/ast/initializers.dart:114)
#28     Transformer.defaultTreeNode (package:kernel/visitor.dart:2148)
#29     TreeVisitorDefault.defaultExpression (package:kernel/visitor.dart:915)
#30     NamedExpression.accept (package:kernel/src/ast/expressions.dart:1498)
#31     Transformer.transform (package:kernel/visitor.dart:2114)
#32     Transformer.transformList (package:kernel/visitor.dart:2131)
#33     Arguments.transformChildren 
(package:kernel/src/ast/expressions.dart:1439)
#34     Transformer.defaultTreeNode (package:kernel/visitor.dart:2148)
#35     TreeVisitorDefault.defaultExpression (package:kernel/visitor.dart:915)
#36     Arguments.accept (package:kernel/src/ast/expressions.dart:1423)
#37     Transformer.transform (package:kernel/visitor.dart:2114)
#38     RedirectingInitializer.transformChildren 
(package:kernel/src/ast/initializers.dart:252)
#39     _WidgetCallSiteTransformer.visitConstructorInvocation 
(package:kernel/transformations/track_widget_constructor_locations.dart:268)
#40     ConstructorInvocation.accept 
(package:kernel/src/ast/expressions.dart:2695)
#41     Transformer.transform (package:kernel/visitor.dart:2114)
#42     BlockExpression.transformChildren 
(package:kernel/src/ast/expressions.dart:4891)
#43     Transformer.defaultTreeNode (package:kernel/visitor.dart:2148)
#44     TreeVisitorDefault.defaultExpression (package:kernel/visitor.dart:915)
#45     ExpressionVisitorDefaultMixin.visitVariableSet 
(package:kernel/visitor.dart:102)
#46     BlockExpression.accept (package:kernel/src/ast/expressions.dart:4875)
#47     Transformer.transform (package:kernel/visitor.dart:2114)
#48     InvalidExpression.transformChildren 
(package:kernel/src/ast/expressions.dart:160)
#49     Transformer.defaultTreeNode (package:kernel/visitor.dart:2148)
#50     TreeVisitorDefault.defaultExpression (package:kernel/visitor.dart:915)
#51     ExpressionVisitorDefaultMixin.visitVariableSet 
(package:kernel/visitor.dart:102)
#52     InvalidExpression.accept (package:kernel/src/ast/expressions.dart:146)
#53     Transformer.transform (package:kernel/visitor.dart:2114)
#54     FieldInitializer.transformChildren 
(package:kernel/src/ast/initializers.dart:114)
#55     Transformer.defaultTreeNode (package:kernel/visitor.dart:2148)
#56     TreeVisitorDefault.defaultExpression (package:kernel/visitor.dart:915)
#57     NamedExpression.accept (package:kernel/src/ast/expressions.dart:1498)
#58     Transformer.transform (package:kernel/visitor.dart:2114)
#59     Transformer.transformList (package:kernel/visitor.dart:2131)
#60     Arguments.transformChildren 
(package:kernel/src/ast/expressions.dart:1439)
#61     Transformer.defaultTreeNode (package:kernel/visitor.dart:2148)
#62     TreeVisitorDefault.defaultExpression (package:kernel/visitor.dart:915)
#63     Arguments.accept (package:kernel/src/ast/expressions.dart:1423)
#64     Transformer.transform (package:kernel/visitor.dart:2114)
#65     RedirectingInitializer.transformChildren 
(package:kernel/src/ast/initializers.dart:252)
#66     _WidgetCallSiteTransformer.visitConstructorInvocation 
(package:kernel/transformations/track_widget_constructor_locations.dart:268)
#67     ConstructorInvocation.accept 
(package:kernel/src/ast/expressions.dart:2695)
#68     Transformer.transform (package:kernel/visitor.dart:2114)
#69     ReturnStatement.transformChildren 
(package:kernel/src/ast/statements.dart:1111)
#70     Transformer.defaultTreeNode (package:kernel/visitor.dart:2148)
#71     TreeVisitorDefault.defaultExpression (package:kernel/visitor.dart:915)
#72     StatementVisitorDefaultMixin.visitTryCatch 
(package:kernel/visitor.dart:649)
#73     ReturnStatement.accept (package:kernel/src/ast/statements.dart:1097)
#74     Transformer.transform (package:kernel/visitor.dart:2114)
#75     Transformer.transformList (package:kernel/visitor.dart:2131)
#76     AssertBlock.transformChildren 
(package:kernel/src/ast/statements.dart:165)
#77     Transformer.defaultTreeNode (package:kernel/visitor.dart:2148)
#78     TreeVisitorDefault.defaultExpression (package:kernel/visitor.dart:915)
#79     StatementVisitorDefaultMixin.visitTryCatch 
(package:kernel/visitor.dart:649)
#80     Block.accept (package:kernel/src/ast/statements.dart:106)
#81     Transformer.transform (package:kernel/visitor.dart:2114)
#82     FunctionNode.transformChildren 
(package:kernel/src/ast/functions.dart:252)
#83     Transformer.defaultTreeNode (package:kernel/visitor.dart:2148)
#84     TreeVisitorDefault.defaultExpression (package:kernel/visitor.dart:915)
#85     FunctionNode.accept (package:kernel/src/ast/functions.dart:219)
#86     Transformer.transform (package:kernel/visitor.dart:2114)
#87     FunctionExpression.transformChildren 
(package:kernel/src/ast/expressions.dart:4708)
#88     Transformer.defaultTreeNode (package:kernel/visitor.dart:2148)
#89     TreeVisitorDefault.defaultExpression (package:kernel/visitor.dart:915)
#90     ExpressionVisitorDefaultMixin.visitVariableSet 
(package:kernel/visitor.dart:102)
#91     FunctionExpression.accept 
(package:kernel/src/ast/expressions.dart:4695)
#92     Transformer.transform (package:kernel/visitor.dart:2114)
#93     FieldInitializer.transformChildren 
(package:kernel/src/ast/initializers.dart:114)
#94     Transformer.defaultTreeNode (package:kernel/visitor.dart:2148)
#95     TreeVisitorDefault.defaultExpression (package:kernel/visitor.dart:915)
#96     NamedExpression.accept (package:kernel/src/ast/expressions.dart:1498)
#97     Transformer.transform (package:kernel/visitor.dart:2114)
#98     Transformer.transformList (package:kernel/visitor.dart:2131)
#99     Arguments.transformChildren 
(package:kernel/src/ast/expressions.dart:1439)
#100    Transformer.defaultTreeNode (package:kernel/visitor.dart:2148)
#101    TreeVisitorDefault.defaultExpression (package:kernel/visitor.dart:915)
#102    Arguments.accept (package:kernel/src/ast/expressions.dart:1423)
#103    Transformer.transform (package:kernel/visitor.dart:2114)
#104    RedirectingInitializer.transformChildren 
(package:kernel/src/ast/initializers.dart:252)
#105    _WidgetCallSiteTransformer.visitConstructorInvocation 
(package:kernel/transformations/track_widget_constructor_locations.dart:268)
#106    ConstructorInvocation.accept 
(package:kernel/src/ast/expressions.dart:2695)
#107    Transformer.transform (package:kernel/visitor.dart:2114)
#108    FieldInitializer.transformChildren 
(package:kernel/src/ast/initializers.dart:114)
#109    Transformer.defaultTreeNode (package:kernel/visitor.dart:2148)
#110    TreeVisitorDefault.defaultExpression (package:kernel/visitor.dart:915)
#111    NamedExpression.accept (package:kernel/src/ast/expressions.dart:1498)
#112    Transformer.transform (package:kernel/visitor.dart:2114)
#113    Transformer.transformList (package:kernel/visitor.dart:2131)
#114    Arguments.transformChildren 
(package:kernel/src/ast/expressions.dart:1439)
#115    Transformer.defaultTreeNode (package:kernel/visitor.dart:2148)
#116    TreeVisitorDefault.defaultExpression (package:kernel/visitor.dart:915)
#117    Arguments.accept (package:kernel/src/ast/expressions.dart:1423)
#118    Transformer.transform (package:kernel/visitor.dart:2114)
#119    RedirectingInitializer.transformChildren 
(package:kernel/src/ast/initializers.dart:252)
#120    _WidgetCallSiteTransformer.visitConstructorInvocation 
(package:kernel/transformations/track_widget_constructor_locations.dart:268)
#121    ConstructorInvocation.accept 
(package:kernel/src/ast/expressions.dart:2695)
#122    Transformer.transform (package:kernel/visitor.dart:2114)
#123    ReturnStatement.transformChildren 
(package:kernel/src/ast/statements.dart:1111)
#124    Transformer.defaultTreeNode (package:kernel/visitor.dart:2148)
#125    TreeVisitorDefault.defaultExpression (package:kernel/visitor.dart:915)
#126    StatementVisitorDefaultMixin.visitTryCatch 
(package:kernel/visitor.dart:649)
#127    ReturnStatement.accept (package:kernel/src/ast/statements.dart:1097)
#128    Transformer.transform (package:kernel/visitor.dart:2114)
#129    Transformer.transformList (package:kernel/visitor.dart:2131)
#130    AssertBlock.transformChildren 
(package:kernel/src/ast/statements.dart:165)
#131    Transformer.defaultTreeNode (package:kernel/visitor.dart:2148)
#132    TreeVisitorDefault.defaultExpression (package:kernel/visitor.dart:915)
#133    StatementVisitorDefaultMixin.visitTryCatch 
(package:kernel/visitor.dart:649)
#134    Block.accept (package:kernel/src/ast/statements.dart:106)
#135    Transformer.transform (package:kernel/visitor.dart:2114)
#136    FunctionNode.transformChildren 
(package:kernel/src/ast/functions.dart:252)
#137    Transformer.defaultTreeNode (package:kernel/visitor.dart:2148)
#138    TreeVisitorDefault.defaultExpression (package:kernel/visitor.dart:915)
#139    FunctionNode.accept (package:kernel/src/ast/functions.dart:219)
#140    Transformer.transform (package:kernel/visitor.dart:2114)
#141    Procedure.transformChildren (package:kernel/src/ast/members.dart:1245)
#142    _WidgetCallSiteTransformer.visitProcedure 
(package:kernel/transformations/track_widget_constructor_locations.dart:205)
#143    Procedure.accept (package:kernel/src/ast/members.dart:1226)
#144    Transformer.transform (package:kernel/visitor.dart:2114)
#145    Transformer.transformList (package:kernel/visitor.dart:2131)
#146    Class.transformChildren (package:kernel/src/ast/declarations.dart:554)
#147    Transformer.defaultTreeNode (package:kernel/visitor.dart:2148)
#148    TreeVisitorDefault.defaultExpression (package:kernel/visitor.dart:915)
#149    Class.accept (package:kernel/src/ast/declarations.dart:500)
#150    Transformer.transform (package:kernel/visitor.dart:2114)
#151    Transformer.transformList (package:kernel/visitor.dart:2131)
#152    Library.transformChildren (package:kernel/src/ast/libraries.dart:342)
#153    WidgetCreatorTracker.transform 
(package:kernel/transformations/track_widget_constructor_locations.dart:562)
#154    FlutterTarget.performPreConstantEvaluationTransformations 
(package:vm/modular/target/flutter.dart:73)
#155    KernelTarget.runBuildTransformations 
(package:front_end/src/kernel/kernel_target.dart:1752)
#156    KernelTarget.buildComponent.<anonymous closure> 
(package:front_end/src/kernel/kernel_target.dart:782)
<asynchronous suspension>
#157    withCrashReporting (package:front_end/src/base/crash.dart:146)
<asynchronous suspension>
#158    KernelTarget.buildComponent 
(package:front_end/src/kernel/kernel_target.dart:723)
<asynchronous suspension>
#159    IncrementalCompiler.computeDelta.<anonymous closure> 
(package:front_end/src/base/incremental_compiler.dart:439)
<asynchronous suspension>
#160    CompilerContext.clear 
(package:front_end/src/base/compiler_context.dart:92)
<asynchronous suspension>
#161    IncrementalCompiler.compile (package:vm/incremental_compiler.dart:86)
<asynchronous suspension>
#162    FrontendCompiler.compile 
(package:frontend_server/frontend_server.dart:674)
<asynchronous suspension>
#163    listenAndCompile.<anonymous closure> 
(package:frontend_server/frontend_server.dart:1449)
<asynchronous suspension>
00:00 +0 -1: loading C:/src/ChessIQ/chessiq/test/features/academy/puzzle_map_screen_test.dart [E]
  Error: The Dart compiler exited unexpectedly.
  package:flutter_tools/src/base/common.dart 34:3  throwToolExit
  package:flutter_tools/src/compile.dart 927:15    DefaultResidentCompiler._compile.<fn>
  dart:async/zone_root.dart 27:47                  _rootRun
  dart:async/zone.dart 726:19                      _CustomZone.run
  dart:async/zone.dart 625:7                       _CustomZone.runGuarded
  dart:async/stream_impl.dart 434:13               _BufferingStreamSubscription._sendDone.sendDone
  dart:async/stream_impl.dart 444:7                _BufferingStreamSubscription._sendDone
  dart:async/stream_impl.dart 333:7                _BufferingStreamSubscription._close
  dart:async/stream_transformers.dart 91:11        _SinkTransformerStreamSubscription._close
  dart:async/stream_transformers.dart 21:11        _EventSinkWrapper.close
  dart:convert/string_conversion.dart 241:11       _StringAdapterSink.close
  dart:convert/line_splitter.dart 144:11           _LineSplitterSink.close
  dart:async/stream_transformers.dart 136:24       _SinkTransformerStreamSubscription._handleDone
  dart:async/zone_root.dart 27:47                  _rootRun
  dart:async/zone.dart 726:19                      _CustomZone.run
  dart:async/zone.dart 625:7                       _CustomZone.runGuarded
  dart:async/stream_impl.dart 434:13               _BufferingStreamSubscription._sendDone.sendDone
  dart:async/stream_impl.dart 444:7                _BufferingStreamSubscription._sendDone
  dart:async/stream_impl.dart 333:7                _BufferingStreamSubscription._close
  dart:async/stream_transformers.dart 91:11        _SinkTransformerStreamSubscription._close
  dart:async/stream_transformers.dart 21:11        _EventSinkWrapper.close
  dart:async/stream_transformers.dart 258:12       _HandlerEventSink.close
  dart:async/stream_transformers.dart 136:24       _SinkTransformerStreamSubscription._handleDone
  dart:async/zone_root.dart 27:47                  _rootRun
  dart:async/zone.dart 726:19                      _CustomZone.run
  dart:async/zone.dart 625:7                       _CustomZone.runGuarded
  dart:async/stream_impl.dart 434:13               _BufferingStreamSubscription._sendDone.sendDone
  dart:async/stream_impl.dart 444:7                _BufferingStreamSubscription._sendDone
  dart:async/stream_impl.dart 333:7                _BufferingStreamSubscription._close
  dart:async/stream_transformers.dart 91:11        _SinkTransformerStreamSubscription._close
  dart:async/stream_transformers.dart 21:11        _EventSinkWrapper.close
  dart:convert/string_conversion.dart 241:11       _StringAdapterSink.close
  dart:convert/string_conversion.dart 301:20       _Utf8ConversionSink.close
  dart:convert/chunked_conversion.dart 79:18       _ConverterStreamEventSink.close
  dart:async/stream_transformers.dart 136:24       _SinkTransformerStreamSubscription._handleDone
  dart:async/zone_root.dart 27:47                  _rootRun
  dart:async/zone.dart 726:19                      _CustomZone.run
  dart:async/zone.dart 625:7                       _CustomZone.runGuarded
  dart:async/stream_impl.dart 434:13               _BufferingStreamSubscription._sendDone.sendDone
  dart:async/stream_impl.dart 444:7                _BufferingStreamSubscription._sendDone
  dart:async/stream_impl.dart 333:7                _BufferingStreamSubscription._close
  dart:async/stream_controller.dart 806:19         _SyncStreamControllerDispatch._sendDone
  dart:async/stream_controller.dart 652:7          _StreamController._closeUnchecked
  dart:async/stream_controller.dart 645:5          _StreamController.close
  dart:io-patch/socket_patch.dart 2881:21          _Socket._onData
  dart:async/zone_root.dart 56:13                  _rootRunUnary
  dart:async/zone.dart 733:19                      _CustomZone.runUnary
  dart:async/zone.dart 633:7                       _CustomZone.runUnaryGuarded
  dart:async/stream_impl.dart 381:11               _BufferingStreamSubscription._sendData
  dart:async/stream_impl.dart 312:7                _BufferingStreamSubscription._add
  dart:async/stream_controller.dart 798:19         _SyncStreamControllerDispatch._sendData
  dart:async/stream_controller.dart 663:7          _StreamController._add
  dart:async/stream_controller.dart 618:5          _StreamController.add
  dart:io-patch/socket_patch.dart 2319:33          new _RawSocket.<fn>
  dart:io-patch/socket_patch.dart 1640:18          _NativeSocket.issueReadEvent.issue
  dart:async/schedule_microtask.dart 40:35         _microtaskLoop
  dart:async/schedule_microtask.dart 49:5          _startMicrotaskLoop
  dart:isolate-patch/isolate_patch.dart 127:13     _runPendingImmediateCallback
  dart:isolate-patch/isolate_patch.dart 194:5      _RawReceivePort._handleMessage
  
  Null check operator used on a null value
  package:flutter_tools/src/test/test_compiler.dart 257:34  TestCompiler._onCompilationRequest
  
  Error: The Dart compiler exited unexpectedly.
  package:flutter_tools/src/base/common.dart 34:3  throwToolExit
  package:flutter_tools/src/compile.dart 939:11    DefaultResidentCompiler._compile.<fn>
  dart:async/zone_root.dart 48:47                  _rootRunUnary
  dart:async/zone.dart 733:19                      _CustomZone.runUnary
  dart:async/future_impl.dart 948:45               Future._propagateToListeners.handleValueCallback
  dart:async/future_impl.dart 977:13               Future._propagateToListeners
  dart:async/future_impl.dart 720:5                Future._completeWithValue
  dart:async/future_impl.dart 804:7                Future._asyncCompleteWithValue.<fn>
  dart:async/zone_root.dart 35:13                  _rootRun
  dart:async/zone.dart 726:19                      _CustomZone.run
  dart:async/zone.dart 625:7                       _CustomZone.runGuarded
  dart:async/zone.dart 666:23                      _CustomZone.bindCallbackGuarded.<fn>
  dart:async/schedule_microtask.dart 40:35         _microtaskLoop
  dart:async/schedule_microtask.dart 49:5          _startMicrotaskLoop
  dart:isolate-patch/isolate_patch.dart 127:13     _runPendingImmediateCallback
  dart:isolate-patch/isolate_patch.dart 194:5      _RawReceivePort._handleMessage
  
